../Drivers/STM32WBxx_HAL_Driver/Inc/stm32wbxx_ll_bus.h:539:22:LL_AHB2_GRP1_EnableClock	24	static
../Core/Src/main.c:86:6:bme280_error_codes_print_result	16	static
../Core/Src/main.c:123:8:user_i2c_read	24	static
../Core/Src/main.c:131:6:user_delay_ms	16	static
../Core/Src/main.c:136:8:user_i2c_write	32	static
../Core/Src/main.c:154:5:main	8	static
../Core/Src/main.c:269:6:SystemClock_Config	112	static
../Core/Src/main.c:332:6:PeriphCommonClock_Config	88	static
../Core/Src/main.c:356:13:MX_I2C1_Init	8	static
../Core/Src/main.c:404:13:MX_RTC_Init	8	static
../Core/Src/main.c:447:13:MX_USB_PCD_Init	8	static
../Core/Src/main.c:480:13:MX_GPIO_Init	8	static
../Core/Src/main.c:501:6:Error_Handler	4	static,ignoring_inline_asm
