../Drivers/STM32WBxx_HAL_Driver/Inc/stm32wbxx_ll_bus.h:539:22:LL_AHB2_GRP1_EnableClock	24	static
../Core/Src/main.c:74:5:main	8	static
../Core/Src/main.c:146:6:SystemClock_Config	112	static
../Core/Src/main.c:207:6:PeriphCommonClock_Config	88	static
../Core/Src/main.c:231:13:MX_RTC_Init	8	static
../Core/Src/main.c:274:13:MX_SPI1_Init	8	static
../Core/Src/main.c:314:13:MX_USB_PCD_Init	8	static
../Core/Src/main.c:347:13:MX_GPIO_Init	32	static
../Core/Src/main.c:379:6:Error_Handler	4	static,ignoring_inline_asm
